\BOOKMARK [-1][-]{part.1}{\376\377\000I\000\040\000H\000o\000d\000g\000e\000\040\000T\000h\000e\000o\000r\000y\000\040\000I}{}% 1
\BOOKMARK [0][-]{chapter.1}{}{part.1}% 2
\BOOKMARK [0][-]{chapter.2}{}{part.1}% 3
\BOOKMARK [0][-]{chapter.3}{}{part.1}% 4
\BOOKMARK [0][-]{chapter.4}{}{part.1}% 5
\BOOKMARK [0][-]{chapter.5}{}{part.1}% 6
\BOOKMARK [0][-]{chapter.6}{}{part.1}% 7
\BOOKMARK [0][-]{chapter.7}{}{part.1}% 8
\BOOKMARK [0][-]{chapter.8}{}{part.1}% 9
\BOOKMARK [0][-]{chapter.9}{}{part.1}% 10
\BOOKMARK [-1][-]{part.2}{\376\377\000I\000I\000\040\000H\000o\000d\000g\000e\000\040\000T\000h\000e\000o\000r\000y\000\040\000I\000I}{}% 11
\BOOKMARK [0][-]{chapter.0}{\376\377\000I\000n\000t\000r\000o\000d\000u\000c\000t\000i\000o\000n}{part.2}% 12
\BOOKMARK [0][-]{chapter.1}{\376\377\000F\000i\000l\000t\000r\000a\000t\000i\000o\000n\000s}{part.2}% 13
\BOOKMARK [1][-]{section.1.1}{\376\377\000F\000i\000l\000t\000e\000r\000e\000d\000\040\000o\000b\000j\000e\000c\000t\000s}{chapter.1}% 14
\BOOKMARK [1][-]{section.1.2}{\376\377\000O\000p\000p\000o\000s\000i\000t\000e\000\040\000f\000i\000l\000t\000r\000a\000t\000i\000o\000n\000s}{chapter.1}% 15
\BOOKMARK [1][-]{section.1.3}{\376\377\000T\000h\000e\000\040\000t\000w\000o\000\040\000f\000i\000l\000t\000r\000a\000t\000i\000o\000n\000s\000\040\000l\000e\000m\000m\000a}{chapter.1}% 16
\BOOKMARK [1][-]{section.1.4}{\376\377\000H\000y\000p\000e\000r\000c\000o\000h\000o\000m\000o\000l\000o\000g\000y\000\040\000o\000f\000\040\000f\000i\000l\000t\000e\000r\000e\000d\000\040\000c\000o\000m\000p\000l\000e\000x\000e\000s}{chapter.1}% 17
\BOOKMARK [0][-]{chapter.2}{\376\377\000H\000o\000d\000g\000e\000\040\000s\000t\000r\000u\000c\000t\000u\000r\000e\000s}{part.2}% 18
\BOOKMARK [1][-]{section.2.1}{\376\377\000P\000u\000r\000e\000\040\000s\000t\000r\000u\000c\000t\000u\000r\000e\000s}{chapter.2}% 19
\BOOKMARK [1][-]{section.2.2}{\376\377\000H\000o\000d\000g\000e\000\040\000t\000h\000e\000o\000r\000y}{chapter.2}% 20
\BOOKMARK [1][-]{section.2.3}{\376\377\000M\000i\000x\000e\000d\000\040\000s\000t\000r\000u\000c\000t\000u\000r\000e\000s}{chapter.2}% 21
\BOOKMARK [0][-]{chapter.3}{\376\377\000H\000o\000d\000g\000e\000\040\000t\000h\000e\000o\000r\000y\000\040\000o\000f\000\040\000n\000o\000n\000-\000s\000i\000n\000g\000u\000l\000a\000r\000\040\000a\000l\000g\000e\000b\000r\000a\000i\000c\000\040\000v\000a\000r\000i\000e\000t\000i\000e\000s}{part.2}% 22
\BOOKMARK [1][-]{section.3.1}{\376\377\000L\000o\000g\000a\000r\000i\000t\000h\000m\000i\000c\000\040\000p\000o\000l\000e\000s\000\040\000a\000n\000d\000\040\000r\000e\000s\000i\000d\000u\000e\000s}{chapter.3}% 23
\BOOKMARK [1][-]{section.3.2}{\376\377\000M\000i\000x\000e\000d\000\040\000H\000o\000d\000g\000e\000\040\000t\000h\000e\000o\000r\000y}{chapter.3}% 24
\BOOKMARK [0][-]{chapter.4}{\376\377\000A\000p\000p\000l\000i\000c\000a\000t\000i\000o\000n\000s\000\040\000a\000n\000d\000\040\000s\000u\000p\000p\000l\000e\000m\000e\000n\000t\000s}{part.2}% 25
\BOOKMARK [1][-]{section.4.1}{\376\377\000T\000h\000e\000\040\000f\000i\000x\000e\000d\000\040\000s\000e\000t\000\040\000t\000h\000e\000o\000r\000e\000m}{chapter.4}% 26
\BOOKMARK [1][-]{section.4.2}{\376\377\000T\000h\000e\000\040\000s\000e\000m\000i\000-\000s\000i\000m\000p\000l\000i\000c\000i\000t\000y\000\040\000t\000h\000e\000o\000r\000e\000m}{chapter.4}% 27
\BOOKMARK [1][-]{section.4.3}{\376\377\000S\000u\000p\000p\000l\000e\000m\000e\000n\000t\000\040\000t\000o\000\040\000[\000D\0001\0009\0006\0008\000]}{chapter.4}% 28
\BOOKMARK [1][-]{section.4.4}{\376\377\000H\000o\000m\000o\000m\000o\000r\000p\000h\000i\000s\000m\000s\000\040\000o\000f\000\040\000a\000b\000e\000l\000i\000a\000n\000\040\000s\000c\000h\000e\000m\000e\000s}{chapter.4}% 29
\BOOKMARK [-1][-]{part.3}{\376\377\000I\000I\000I\000\040\000H\000o\000d\000g\000e\000\040\000T\000h\000e\000o\000r\000y\000\040\000I\000I\000I}{}% 30
\BOOKMARK [0][-]{chapter.5}{\376\377\000I\000n\000t\000r\000o\000d\000u\000c\000t\000i\000o\000n}{part.3}% 31
\BOOKMARK [0][-]{chapter.6}{\376\377\000T\000e\000r\000m\000i\000n\000o\000l\000o\000g\000y\000\040\000a\000n\000d\000\040\000n\000o\000t\000a\000t\000i\000o\000n}{part.3}% 32
\BOOKMARK [0][-]{chapter.7}{\376\377\000C\000o\000h\000o\000m\000o\000l\000o\000g\000i\000c\000a\000l\000\040\000d\000e\000s\000c\000e\000n\000t}{part.3}% 33
\BOOKMARK [1][-]{section.7.1}{\376\377\000S\000i\000m\000p\000l\000i\000c\000i\000a\000l\000\040\000t\000o\000p\000o\000l\000o\000g\000i\000c\000a\000l\000\040\000s\000p\000a\000c\000e\000s}{chapter.7}% 34
\BOOKMARK [1][-]{section.7.2}{\376\377\000C\000o\000h\000o\000m\000o\000l\000o\000g\000y\000\040\000o\000f\000\040\000s\000i\000m\000p\000l\000i\000c\000i\000a\000l\000\040\000t\000o\000p\000o\000l\000o\000g\000i\000c\000a\000l\000\040\000s\000p\000a\000c\000e\000s}{chapter.7}% 35
\BOOKMARK [1][-]{section.7.3}{\376\377\000C\000o\000h\000o\000m\000o\000l\000o\000g\000i\000c\000a\000l\000\040\000d\000e\000s\000c\000e\000n\000t}{chapter.7}% 36
\BOOKMARK [0][-]{chapter.8}{\376\377\000E\000x\000a\000m\000p\000l\000e\000s\000\040\000o\000f\000\040\000s\000i\000m\000p\000l\000i\000c\000i\000a\000l\000\040\000t\000o\000p\000o\000l\000o\000g\000i\000c\000a\000l\000\040\000s\000p\000a\000c\000e\000s}{part.3}% 37
\BOOKMARK [1][-]{section.8.1}{\376\377\000C\000l\000a\000s\000s\000i\000f\000y\000i\000n\000g\000\040\000s\000p\000a\000c\000e\000s}{chapter.8}% 38
\BOOKMARK [1][-]{section.8.2}{\376\377\000C\000o\000n\000s\000t\000r\000u\000c\000t\000i\000o\000n\000\040\000o\000f\000\040\000h\000y\000p\000e\000r\000c\000o\000v\000e\000r\000s}{chapter.8}% 39
\BOOKMARK [1][-]{section.8.3}{\376\377\000R\000e\000l\000a\000t\000i\000v\000e\000\040\000c\000o\000h\000o\000m\000o\000l\000o\000g\000y}{chapter.8}% 40
\BOOKMARK [1][-]{section.8.4}{\376\377\000M\000u\000l\000t\000i\000s\000i\000m\000p\000l\000i\000c\000i\000a\000l\000\040\000s\000p\000a\000c\000e\000s}{chapter.8}% 41
\BOOKMARK [0][-]{chapter.9}{\376\377\000S\000u\000p\000p\000l\000e\000m\000e\000n\000t\000s\000\040\000t\000o\000\040\000\247\0001}{part.3}% 42
\BOOKMARK [1][-]{section.9.1}{\376\377\000F\000i\000l\000t\000e\000r\000e\000d\000\040\000d\000e\000r\000i\000v\000e\000d\000\040\000c\000a\000t\000e\000g\000o\000r\000y}{chapter.9}% 43
\BOOKMARK [1][-]{section.9.2}{\376\377\000S\000u\000p\000p\000l\000e\000m\000e\000n\000t\000s\000\040\000t\000o\000\040\000t\000h\000e\000\040\000t\000w\000o\000\040\000f\000i\000l\000t\000r\000a\000t\000i\000o\000n\000s\000\040\000l\000e\000m\000m\000a}{chapter.9}% 44
\BOOKMARK [0][-]{chapter.10}{\376\377\000H\000o\000d\000g\000e\000\040\000t\000h\000e\000o\000r\000y\000\040\000o\000f\000\040\000a\000l\000g\000e\000b\000r\000a\000i\000c\000\040\000s\000p\000a\000c\000e\000s}{part.3}% 45
\BOOKMARK [1][-]{section.10.1}{\376\377\000H\000o\000d\000g\000e\000\040\000c\000o\000m\000p\000l\000e\000x\000e\000s}{chapter.10}% 46
\BOOKMARK [1][-]{section.10.2}{\376\377\000S\000e\000p\000a\000r\000a\000t\000e\000d\000\040\000a\000l\000g\000e\000b\000r\000a\000i\000c\000\040\000s\000p\000a\000c\000e\000s}{chapter.10}% 47
\BOOKMARK [1][-]{section.10.3}{\376\377\000H\000o\000d\000g\000e\000\040\000t\000h\000e\000o\000r\000y\000\040\000o\000f\000\040\000s\000i\000m\000p\000l\000i\000c\000i\000a\000l\000\040\000s\000c\000h\000e\000m\000e\000s}{chapter.10}% 48
\BOOKMARK [0][-]{chapter.11}{\376\377\000E\000x\000a\000m\000p\000l\000e\000s\000\040\000a\000n\000d\000\040\000a\000p\000p\000l\000i\000c\000a\000t\000i\000o\000n\000s}{part.3}% 49
\BOOKMARK [1][-]{section.11.1}{\376\377\000C\000o\000h\000o\000m\000o\000l\000o\000g\000y\000\040\000o\000f\000\040\000g\000r\000o\000u\000p\000s\000\040\000a\000n\000d\000\040\000o\000f\000\040\000c\000l\000a\000s\000s\000i\000f\000y\000i\000n\000g\000\040\000s\000p\000a\000c\000e\000s}{chapter.11}% 50
\BOOKMARK [1][-]{section.11.2}{\376\377\000H\000o\000d\000g\000e\000\040\000t\000h\000e\000o\000r\000y\000\040\000o\000f\000\040\000s\000m\000o\000o\000t\000h\000\040\000h\000y\000p\000e\000r\000s\000u\000r\000f\000a\000c\000e\000s\000,\000\040\000f\000o\000l\000l\000o\000w\000i\000n\000g\000\040\000G\000r\000i\000f\000f\000i\000t\000h\000s}{chapter.11}% 51
\BOOKMARK [1][-]{section.11.3}{\376\377\000C\000o\000n\000s\000t\000r\000u\000c\000t\000i\000o\000n\000\040\000o\000f\000\040\000c\000o\000m\000p\000l\000e\000x\000e\000s\000\040\000o\000f\000\040\000f\000i\000r\000s\000t\000-\000o\000r\000d\000e\000r\000\040\000d\000i\000f\000f\000e\000r\000e\000n\000t\000i\000a\000l\000\040\000o\000p\000e\000r\000a\000t\000o\000r\000s}{chapter.11}% 52
\BOOKMARK [0][-]{chapter.12}{\376\377\000H\000o\000d\000g\000e\000\040\000t\000h\000e\000o\000r\000y\000\040\000i\000n\000\040\000l\000e\000v\000e\000l\000\040\0001}{part.3}% 53
\BOOKMARK [1][-]{section.12.1}{\376\377\0001\000-\000M\000o\000t\000i\000v\000e\000s}{chapter.12}% 54
\BOOKMARK [1][-]{section.12.2}{\376\377\0001\000-\000M\000o\000t\000i\000v\000e\000s\000\040\000a\000n\000d\000\040\000b\000i\000-\000e\000x\000t\000e\000n\000s\000i\000o\000n\000s}{chapter.12}% 55
\BOOKMARK [1][-]{section.12.3}{\376\377\000A\000l\000g\000e\000b\000r\000a\000i\000c\000\040\000i\000n\000t\000e\000r\000p\000r\000e\000t\000a\000t\000i\000o\000n\000\040\000o\000f\000\040\000t\000h\000e\000\040\000m\000i\000x\000e\000d\000\040\000H\0001\000:\000\040\000t\000h\000e\000\040\000c\000a\000s\000e\000\040\000o\000f\000\040\000c\000u\000r\000v\000e\000s}{chapter.12}% 56
\BOOKMARK [1][-]{section.12.4}{\376\377\000T\000r\000a\000n\000s\000l\000a\000t\000i\000o\000n\000\040\000o\000f\000\040\000a\000\040\000t\000h\000e\000o\000r\000e\000m\000\040\000o\000f\000\040\000P\000i\000c\000a\000r\000d}{chapter.12}% 57
\BOOKMARK [0][-]{AMS.153}{\376\377\000B\000i\000b\000l\000i\000o\000g\000r\000a\000p\000h\000y}{part.3}% 58
